[car-wash.leftma7t.beget.tech/index.html]
[backblue.gif]
[fade.gif]
[index.html]
[car-wash.leftma7t.beget.tech/wp-content/themes/betheme_v26_распак/images/favicon.ico]
[car-wash.leftma7t.beget.tech/wp-includes/css/dist/block-library/style.min37ad.css]
[s.w.org/index.html]
[fonts.googleapis.com/index.html]
[car-wash.leftma7t.beget.tech/wp-includes/js/mediaelement/mediaelementplayer-legacy.min08e1.css]
[car-wash.leftma7t.beget.tech/comments/feed/index.html]
[car-wash.leftma7t.beget.tech/feed/index.html]
[car-wash.leftma7t.beget.tech/wp-includes/js/mediaelement/wp-mediaelement.min37ad.css]
[car-wash.leftma7t.beget.tech/wp-content/plugins/woocommerce/packages/woocommerce-blocks/build/wc-blocks-vendors-styled01d.css]
[car-wash.leftma7t.beget.tech/wp-content/plugins/woocommerce/packages/woocommerce-blocks/build/wc-blocks-styled01d.css]
[car-wash.leftma7t.beget.tech/wp-content/plugins/contact-form-7/includes/css/styles5697.css]
[car-wash.leftma7t.beget.tech/wp-content/plugins/woocommerce/assets/css/woocommerce-layoutbdeb.css]
[car-wash.leftma7t.beget.tech/wp-content/plugins/woocommerce/assets/css/woocommerce-smallscreenbdeb.css]
[car-wash.leftma7t.beget.tech/wp-content/plugins/woocommerce/assets/css/woocommercebdeb.css]
[car-wash.leftma7t.beget.tech/wp-content/themes/betheme_v26_распак/css/be4828.css]
[car-wash.leftma7t.beget.tech/wp-content/themes/betheme_v26_распак/assets/animations/animations.min4828.css]
[car-wash.leftma7t.beget.tech/wp-content/themes/betheme_v26_распак/fonts/fontawesome/fontawesome4828.css]
[car-wash.leftma7t.beget.tech/wp-content/themes/betheme_v26_распак/assets/jplayer/css/jplayer.blue.monday.min4828.css]
[car-wash.leftma7t.beget.tech/wp-content/themes/betheme_v26_распак/css/responsive4828.css]
[car-wash.leftma7t.beget.tech/wp-content/themes/betheme_v26_распак/css/woocommerce4828.css]
[car-wash.leftma7t.beget.tech/wp-content/plugins/jetpack/css/jetpackc74e.css]
[car-wash.leftma7t.beget.tech/wp-includes/js/jquery/jquery.minaf6c.js]
[car-wash.leftma7t.beget.tech/wp-includes/js/jquery/jquery-migrate.mind617.js]
[car-wash.leftma7t.beget.tech/wp-content/plugins/woocommerce/assets/js/jquery-blockui/jquery.blockUI.minbd43.js]
[car-wash.leftma7t.beget.tech/wp-content/plugins/woocommerce/assets/js/frontend/add-to-cart.minbdeb.js]
[car-wash.leftma7t.beget.tech/wp-content/plugins/js_composer/assets/js/vendors/woocommerce-add-to-carte1b2.js]
[stats.wp.com/s-202233.js]
[car-wash.leftma7t.beget.tech/wp-json/wp/v2/pages/5.json]
[car-wash.leftma7t.beget.tech/wp-json/index.html]
[car-wash.leftma7t.beget.tech/wp-json/oembed/1.0/embed0b04.json]
[car-wash.leftma7t.beget.tech/wp-json/oembed/1.0/embed68e6]
[car-wash.leftma7t.beget.tech/wp-content/uploads/2022/05/carwash.svg]
[car-wash.leftma7t.beget.tech/wp-content/plugins/revslider/public/assets/assets/dummy.png]
[car-wash.leftma7t.beget.tech/works/index.html]
[car-wash.leftma7t.beget.tech/about-us/index.html]
[car-wash.leftma7t.beget.tech/services/index.html]
[car-wash.leftma7t.beget.tech/wp-content/uploads/2022/05/carwash3-icon7.svg]
[car-wash.leftma7t.beget.tech/wp-content/uploads/2022/05/carwash3-icon6.svg]
[car-wash.leftma7t.beget.tech/wp-content/uploads/2022/05/carwash3-home-pic1.svg]
[car-wash.leftma7t.beget.tech/contact/index.html]
[car-wash.leftma7t.beget.tech/wp-content/uploads/2022/05/carwash3-icon1.svg]
[car-wash.leftma7t.beget.tech/wp-content/uploads/2022/05/carwash3-icon3.svg]
[car-wash.leftma7t.beget.tech/wp-content/uploads/2022/05/carwash3-services-pic1.webp]
[car-wash.leftma7t.beget.tech/wp-content/uploads/2022/05/carwash3-icon2.svg]
[car-wash.leftma7t.beget.tech/wp-content/uploads/2022/05/carwash3-beforeafter-pic2.webp]
[car-wash.leftma7t.beget.tech/wp-content/uploads/2022/05/carwash3-icon4.svg]
[car-wash.leftma7t.beget.tech/wp-content/uploads/2022/05/carwash3-beforeafter-pic1.webp]
[car-wash.leftma7t.beget.tech/wp-content/uploads/2022/05/carwash3-home-pic3.svg]
[car-wash.leftma7t.beget.tech/wp-content/uploads/2022/05/carwash3-home-pic2.webp]
[car-wash.leftma7t.beget.tech/wp-content/uploads/2022/05/carwash3-icon5.svg]
[car-wash.leftma7t.beget.tech/wp-content/uploads/2022/05/carwash3-book-pic1.webp]
[themes.muffingroup.com/be/carwash3/wp-content/uploads/2022/05/carwash3-footer-logo.svg]
[car-wash.leftma7t.beget.tech/wp-loginc2b6.html]
[car-wash.leftma7t.beget.tech/wp-content/themes/betheme_v26_распак/css/elements/divider-24828.css]
[car-wash.leftma7t.beget.tech/wp-content/uploads/betheme/css/post-56ac3.css]
[car-wash.leftma7t.beget.tech/wp-content/plugins/revslider/public/assets/css/rs6b02e.css]
[car-wash.leftma7t.beget.tech/wp-includes/js/dist/vendor/regenerator-runtime.min3937.js]
[car-wash.leftma7t.beget.tech/wp-includes/js/dist/vendor/wp-polyfill.min2c7c.js]
[car-wash.leftma7t.beget.tech/wp-content/plugins/contact-form-7/includes/js/index5697.js]
[car-wash.leftma7t.beget.tech/wp-content/plugins/revslider/public/assets/js/rbtools.min8331.js]
[car-wash.leftma7t.beget.tech/wp-content/plugins/revslider/public/assets/js/rs6.minb02e.js]
[car-wash.leftma7t.beget.tech/wp-content/plugins/woocommerce/assets/js/js-cookie/js.cookie.min38b6.js]
[car-wash.leftma7t.beget.tech/wp-content/plugins/woocommerce/assets/js/frontend/woocommerce.minbdeb.js]
[car-wash.leftma7t.beget.tech/wp-content/plugins/woocommerce/assets/js/frontend/cart-fragments.minbdeb.js]
[car-wash.leftma7t.beget.tech/wp-includes/js/jquery/ui/core.min0028.js]
[car-wash.leftma7t.beget.tech/wp-includes/js/jquery/ui/tabs.min0028.js]
[car-wash.leftma7t.beget.tech/wp-content/themes/betheme_v26_распак/js/plugins4828.js]
[car-wash.leftma7t.beget.tech/wp-content/themes/betheme_v26_распак/js/menu4828.js]
[car-wash.leftma7t.beget.tech/wp-content/themes/betheme_v26_распак/assets/animations/animations.min4828.js]
[car-wash.leftma7t.beget.tech/wp-content/themes/betheme_v26_распак/assets/jplayer/jplayer.min4828.js]
[car-wash.leftma7t.beget.tech/wp-content/themes/betheme_v26_распак/js/parallax/translate3d4828.js]
[car-wash.leftma7t.beget.tech/wp-content/themes/betheme_v26_распак/js/scripts4828.js]
[car-wash.leftma7t.beget.tech/index.html]
[car-wash.leftma7t.beget.tech/wp-content/themes/betheme_v26_распак/js/woocommerce6ac3.js]
[stats.wp.com/index.html]
[stats.wp.com/e-202233.js]
[fonts.googleapis.com/index.html]
[s.w.org/index.html]
[fonts.googleapis.com/css4e0e.css]
[fonts.googleapis.com/cssb4c9.css]
[car-wash.leftma7t.beget.tech/xmlrpc0db0.html]
[car-wash.leftma7t.beget.tech/wp-json/wp/v2/pages/9.json]
[car-wash.leftma7t.beget.tech/wp-json/oembed/1.0/embed37db.json]
[car-wash.leftma7t.beget.tech/wp-json/oembed/1.0/embed1b2e]
[car-wash.leftma7t.beget.tech/wp-content/uploads/2022/05/carwash3-about-pic1.webp]
[car-wash.leftma7t.beget.tech/wp-content/uploads/2022/05/carwash3-arrow1.svg]
[car-wash.leftma7t.beget.tech/wp-content/uploads/2022/05/carwash3-about-pic2.webp]
[car-wash.leftma7t.beget.tech/wp-content/uploads/2022/05/carwash3-home-icon1.svg]
[car-wash.leftma7t.beget.tech/wp-content/uploads/2022/05/carwash3-about-icon2.svg]
[car-wash.leftma7t.beget.tech/wp-content/uploads/2022/05/carwash3-about-pic4.webp]
[car-wash.leftma7t.beget.tech/about-us/index.html]
[car-wash.leftma7t.beget.tech/wp-content/uploads/betheme/css/post-9ce44.css]
[car-wash.leftma7t.beget.tech/wp-content/themes/betheme_v26_распак/js/woocommercece44.js]
[car-wash.leftma7t.beget.tech/wp-json/oembed/1.0/embed938e.json]
[car-wash.leftma7t.beget.tech/wp-json/oembed/1.0/embed7821]
[car-wash.leftma7t.beget.tech/wp-content/uploads/2022/05/carwash3-offer-pic3.webp]
[car-wash.leftma7t.beget.tech/wp-content/uploads/2022/05/carwash3-offer-pic4.webp]
[car-wash.leftma7t.beget.tech/wp-content/uploads/2022/05/carwash3-offer-pic5.webp]
[car-wash.leftma7t.beget.tech/wp-content/uploads/2022/05/carwash3-offer-pic6.webp]
[car-wash.leftma7t.beget.tech/wp-content/uploads/betheme/css/post-11ce44.css]
[car-wash.leftma7t.beget.tech/services/index.html]
[car-wash.leftma7t.beget.tech/wp-json/wp/v2/pages/13.json]
[car-wash.leftma7t.beget.tech/wp-json/oembed/1.0/embed0bcd.json]
[car-wash.leftma7t.beget.tech/wp-json/oembed/1.0/embed412c]
[car-wash.leftma7t.beget.tech/wp-content/uploads/2022/05/carwash3-num1.svg]
[car-wash.leftma7t.beget.tech/wp-content/uploads/2022/05/carwash3-num2.svg]
[car-wash.leftma7t.beget.tech/wp-content/uploads/2022/05/carwash3-num3.svg]
[car-wash.leftma7t.beget.tech/wp-content/uploads/2022/05/carwash3-works-pic1.webp]
[car-wash.leftma7t.beget.tech/wp-content/uploads/2022/05/carwash3-works-pic2.webp]
[car-wash.leftma7t.beget.tech/wp-content/uploads/2022/05/carwash3-works-pic3.webp]
[car-wash.leftma7t.beget.tech/wp-content/uploads/2022/05/carwash3-works-pic4.webp]
[car-wash.leftma7t.beget.tech/wp-content/uploads/2022/05/carwash3-works-pic5.webp]
[car-wash.leftma7t.beget.tech/works/index.html]
[car-wash.leftma7t.beget.tech/wp-content/uploads/betheme/css/post-13ce44.css]
[car-wash.leftma7t.beget.tech/wp-json/wp/v2/pages/15.json]
[car-wash.leftma7t.beget.tech/wp-json/oembed/1.0/embed6a98.json]
[car-wash.leftma7t.beget.tech/wp-json/oembed/1.0/embed1e5d]
[car-wash.leftma7t.beget.tech/wp-content/uploads/2022/05/carwash3-contact-pic2.webp]
[car-wash.leftma7t.beget.tech/wp-content/uploads/2022/05/carwash3-contact-pic1.webp]
[car-wash.leftma7t.beget.tech/wp-content/uploads/betheme/css/post-15b6ff.css]
[car-wash.leftma7t.beget.tech/contact/index.html]
[car-wash.leftma7t.beget.tech/wp-content/themes/betheme_v26_распак/js/woocommerceb6ff.js]
[car-wash.leftma7t.beget.tech/wp-includes/css/dashicons.min37ad.css]
[car-wash.leftma7t.beget.tech/wp-includes/css/buttons.min37ad.css]
[car-wash.leftma7t.beget.tech/wp-loginc2b6.html]
[fonts.googleapis.com/css6688.css]
[car-wash.leftma7t.beget.tech/indexb5fb.html]
[car-wash.leftma7t.beget.tech/index5757.html]
[car-wash.leftma7t.beget.tech/index2dc4.html]
[car-wash.leftma7t.beget.tech/indexa1ca.html]
[car-wash.leftma7t.beget.tech/wp-login.html]
[car-wash.leftma7t.beget.tech/wp-includes/js/zxcvbn-async.min5152.js]
[car-wash.leftma7t.beget.tech/wp-json/wp/v2/pages/11]
[car-wash.leftma7t.beget.tech/wp-includes/js/dist/hooks.mincbb5.js]
[car-wash.leftma7t.beget.tech/wp-json/index.html]
[car-wash.leftma7t.beget.tech/wp-includes/js/dist/i18n.min771a.js]
[car-wash.leftma7t.beget.tech/wp-login.html]
[car-wash.leftma7t.beget.tech/wp-includes/js/underscore.minb37e.js]
[car-wash.leftma7t.beget.tech/wp-includes/js/wp-util.min37ad.js]
[car-wash.leftma7t.beget.tech/feed/index.html]
[car-wash.leftma7t.beget.tech/wp-includes/css/dist/block-library/style.min37ad.css]
[car-wash.leftma7t.beget.tech/comments/feed/index.html]
[car-wash.leftma7t.beget.tech/wp-content/uploads/2022/05/carwash3-services-pic1.webp]
[car-wash.leftma7t.beget.tech/wp-includes/js/mediaelement/mediaelementplayer-legacy.min08e1.css]
[car-wash.leftma7t.beget.tech/wp-content/uploads/2022/05/carwash3-beforeafter-pic2.webp]
[car-wash.leftma7t.beget.tech/wp-content/uploads/2022/05/carwash3-beforeafter-pic1.webp]
[car-wash.leftma7t.beget.tech/wp-content/uploads/2022/05/carwash3-home-pic2.webp]
[car-wash.leftma7t.beget.tech/wp-content/uploads/2022/05/carwash3-book-pic1.webp]
[car-wash.leftma7t.beget.tech/wp-includes/js/mediaelement/wp-mediaelement.min37ad.css]
[car-wash.leftma7t.beget.tech/wp-content/plugins/woocommerce/packages/woocommerce-blocks/build/wc-blocks-vendors-styled01d.css]
[car-wash.leftma7t.beget.tech/wp-json/index.html]
[car-wash.leftma7t.beget.tech/wp-content/plugins/woocommerce/packages/woocommerce-blocks/build/wc-blocks-styled01d.css]
[car-wash.leftma7t.beget.tech/wp-content/plugins/contact-form-7/includes/css/styles5697.css]
[car-wash.leftma7t.beget.tech/wp-content/uploads/2022/05/carwash3-offer-pic3.webp]
[car-wash.leftma7t.beget.tech/wp-content/plugins/woocommerce/assets/css/woocommerce-layoutbdeb.css]
[car-wash.leftma7t.beget.tech/wp-content/plugins/woocommerce/assets/css/woocommerce-smallscreenbdeb.css]
[car-wash.leftma7t.beget.tech/wp-content/uploads/2022/05/carwash3-offer-pic4.webp]
[car-wash.leftma7t.beget.tech/wp-content/uploads/2022/05/carwash3-offer-pic6.webp]
[car-wash.leftma7t.beget.tech/wp-content/plugins/woocommerce/assets/fonts/star.eot]
[car-wash.leftma7t.beget.tech/wp-content/plugins/woocommerce/assets/fonts/stard41d.eot]
[car-wash.leftma7t.beget.tech/wp-content/uploads/2022/05/carwash3-works-pic2.webp]
[car-wash.leftma7t.beget.tech/wp-content/uploads/2022/05/carwash3-works-pic3.webp]
[car-wash.leftma7t.beget.tech/wp-content/uploads/2022/05/carwash3-works-pic4.webp]
[car-wash.leftma7t.beget.tech/wp-content/uploads/2022/05/carwash3-works-pic5.webp]
[car-wash.leftma7t.beget.tech/wp-content/plugins/woocommerce/assets/fonts/star.ttf]
[car-wash.leftma7t.beget.tech/wp-content/plugins/woocommerce/assets/fonts/star.svg]
[car-wash.leftma7t.beget.tech/wp-content/plugins/woocommerce/assets/fonts/WooCommerced41d.eot]
[car-wash.leftma7t.beget.tech/wp-content/uploads/2022/05/carwash3-contact-pic1.webp]
[car-wash.leftma7t.beget.tech/wp-content/uploads/2022/05/carwash3-contact-pic2.webp]
[car-wash.leftma7t.beget.tech/wp-content/plugins/woocommerce/assets/fonts/star.eot]
[car-wash.leftma7t.beget.tech/wp-content/plugins/woocommerce/assets/fonts/WooCommerce.woff]
[car-wash.leftma7t.beget.tech/wp-content/plugins/woocommerce/assets/fonts/star.ttf]
[car-wash.leftma7t.beget.tech/wp-content/plugins/woocommerce/assets/fonts/WooCommerce.7c.delayed]
[car-wash.leftma7t.beget.tech/wp-content/plugins/woocommerce/assets/fonts/WooCommerce.woff]
[car-wash.leftma7t.beget.tech/wp-content/plugins/woocommerce/assets/fonts/WooCommerced41d.eot]
[car-wash.leftma7t.beget.tech/wp-content/plugins/woocommerce/assets/fonts/WooCommerce.svg]
[car-wash.leftma7t.beget.tech/wp-content/plugins/woocommerce/assets/images/icons/loader.svg]
[car-wash.leftma7t.beget.tech/wp-content/plugins/woocommerce/assets/images/icons/credit-cards/visa.svg]
[car-wash.leftma7t.beget.tech/wp-content/plugins/woocommerce/assets/images/icons/credit-cards/mastercard.svg]
[car-wash.leftma7t.beget.tech/wp-content/plugins/woocommerce/assets/images/icons/credit-cards/laser.svg]
[car-wash.leftma7t.beget.tech/wp-content/plugins/woocommerce/assets/images/icons/credit-cards/diners.svg]
[car-wash.leftma7t.beget.tech/wp-content/plugins/woocommerce/assets/images/icons/credit-cards/maestro.svg]
[car-wash.leftma7t.beget.tech/wp-content/plugins/woocommerce/assets/images/icons/credit-cards/jcb.svg]
[car-wash.leftma7t.beget.tech/wp-content/plugins/woocommerce/assets/images/icons/credit-cards/amex.svg]
[car-wash.leftma7t.beget.tech/wp-content/plugins/woocommerce/assets/css/woocommercebdeb.css]
[car-wash.leftma7t.beget.tech/wp-content/plugins/woocommerce/assets/images/icons/credit-cards/discover.svg]
[car-wash.leftma7t.beget.tech/wp-content/themes/betheme_v26_распак/fonts/mfn/icons4cdc.eot]
[car-wash.leftma7t.beget.tech/wp-content/themes/betheme_v26_распак/fonts/mfn/icons4cdc.woff]
[car-wash.leftma7t.beget.tech/wp-content/themes/betheme_v26_распак/fonts/mfn/icons4cdc.ttf]
[car-wash.leftma7t.beget.tech/wp-content/themes/betheme_v26_распак/fonts/mfn/icons4cdc.svg]
[car-wash.leftma7t.beget.tech/wp-content/themes/betheme_v26_распак/muffin-options/svg/be-mono.svg]
[car-wash.leftma7t.beget.tech/wp-content/themes/betheme_v26_распак/images/stripes/stripes_5_b.png]
[car-wash.leftma7t.beget.tech/wp-content/themes/betheme_v26_распак/fonts/mfn/icons4cdc.woff]
[car-wash.leftma7t.beget.tech/wp-content/themes/betheme_v26_распак/images/stripes/stripes_3_b.png]
[car-wash.leftma7t.beget.tech/wp-content/themes/betheme_v26_распак/images/stripes/stripes_5_b.png]
[car-wash.leftma7t.beget.tech/wp-content/themes/betheme_v26_распак/images/preloader.gif]
[car-wash.leftma7t.beget.tech/wp-content/themes/betheme_v26_распак/images/stripes/stripes_3_b.png]
[car-wash.leftma7t.beget.tech/wp-content/themes/betheme_v26_распак/images/box_shadow.png]
[car-wash.leftma7t.beget.tech/wp-content/themes/betheme_v26_распак/images/blog_masonry_tile_gradient.png]
[car-wash.leftma7t.beget.tech/wp-content/themes/betheme_v26_распак/images/timeline_right.png]
[car-wash.leftma7t.beget.tech/wp-content/themes/betheme_v26_распак/images/recent_comments.png]
[car-wash.leftma7t.beget.tech/wp-content/themes/betheme_v26_распак/images/recent_comments.png]
[car-wash.leftma7t.beget.tech/wp-content/themes/betheme_v26_распак/images/blog_masonry_tile_gradient.png]
[car-wash.leftma7t.beget.tech/wp-content/themes/betheme_v26_распак/images/stripes/stripes_10_w.png]
[car-wash.leftma7t.beget.tech/wp-content/themes/betheme_v26_распак/images/stripes/stripes_10_w.png]
[car-wash.leftma7t.beget.tech/wp-content/themes/betheme_v26_распак/images/videomask.png]
[car-wash.leftma7t.beget.tech/wp-content/themes/betheme_v26_распак/images/stripes/textline_dark.png]
[car-wash.leftma7t.beget.tech/wp-content/themes/betheme_v26_распак/images/stripes/textline_dark.png]
[car-wash.leftma7t.beget.tech/wp-content/themes/betheme_v26_распак/images/fancy_heading_hr_dark.png]
[car-wash.leftma7t.beget.tech/wp-content/themes/betheme_v26_распак/images/mask_shapes/circle.svg]
[car-wash.leftma7t.beget.tech/wp-content/themes/betheme_v26_распак/images/mask_shapes/blob.svg]
[car-wash.leftma7t.beget.tech/wp-content/themes/betheme_v26_распак/images/mask_shapes/blob-2.svg]
[car-wash.leftma7t.beget.tech/wp-content/themes/betheme_v26_распак/images/mask_shapes/brush.svg]
[car-wash.leftma7t.beget.tech/wp-content/themes/betheme_v26_распак/images/mask_shapes/brush-2.svg]
[car-wash.leftma7t.beget.tech/wp-content/themes/betheme_v26_распак/images/mask_shapes/cross.svg]
[car-wash.leftma7t.beget.tech/wp-content/themes/betheme_v26_распак/images/mask_shapes/stain.svg]
[car-wash.leftma7t.beget.tech/wp-content/themes/betheme_v26_распак/images/mask_shapes/triangle.svg]
[car-wash.leftma7t.beget.tech/wp-content/themes/betheme_v26_распак/images/mask_shapes/irregular-circle.svg]
[car-wash.leftma7t.beget.tech/wp-content/themes/betheme_v26_распак/images/stripes/stripes_10_b.png]
[car-wash.leftma7t.beget.tech/wp-content/themes/betheme_v26_распак/images/timeline_top.png]
[car-wash.leftma7t.beget.tech/wp-content/themes/betheme_v26_распак/images/timeline_left.png]
[car-wash.leftma7t.beget.tech/wp-content/themes/betheme_v26_распак/images/timeline_top.png]
[car-wash.leftma7t.beget.tech/wp-content/themes/betheme_v26_распак/images/fancy_heading_hr.png]
[car-wash.leftma7t.beget.tech/wp-content/themes/betheme_v26_распак/css/be4828.css]
[car-wash.leftma7t.beget.tech/wp-content/themes/betheme_v26_распак/assets/animations/animations.min4828.css]
[car-wash.leftma7t.beget.tech/wp-content/themes/betheme_v26_распак/images/bg_panel.png]
[car-wash.leftma7t.beget.tech/wp-content/themes/betheme_v26_распак/images/fancy_heading_hr.png]
[car-wash.leftma7t.beget.tech/wp-content/themes/betheme_v26_распак/fonts/fontawesome/fa-brands-400.eot]
[car-wash.leftma7t.beget.tech/wp-content/themes/betheme_v26_распак/fonts/fontawesome/fa-brands-400d41d.eot]
[car-wash.leftma7t.beget.tech/wp-content/themes/betheme_v26_распак/fonts/fontawesome/fa-brands-400.woff2]
[car-wash.leftma7t.beget.tech/wp-content/themes/betheme_v26_распак/fonts/fontawesome/fa-brands-400.woff]
[car-wash.leftma7t.beget.tech/wp-content/themes/betheme_v26_распак/fonts/fontawesome/fa-brands-400.ttf]
[car-wash.leftma7t.beget.tech/wp-content/themes/betheme_v26_распак/fonts/fontawesome/fa-brands-400.svg]
[car-wash.leftma7t.beget.tech/wp-content/themes/betheme_v26_распак/fonts/fontawesome/fa-regular-400.eot]
[car-wash.leftma7t.beget.tech/wp-content/themes/betheme_v26_распак/fonts/fontawesome/fa-regular-400.woff2]
[car-wash.leftma7t.beget.tech/wp-content/themes/betheme_v26_распак/fonts/fontawesome/fa-regular-400.woff]
[car-wash.leftma7t.beget.tech/wp-content/themes/betheme_v26_распак/fonts/fontawesome/fa-brands-400d41d.eot]
[car-wash.leftma7t.beget.tech/wp-content/themes/betheme_v26_распак/fonts/fontawesome/fa-regular-400.ttf]
[car-wash.leftma7t.beget.tech/wp-content/themes/betheme_v26_распак/fonts/fontawesome/fa-regular-400.svg]
[car-wash.leftma7t.beget.tech/wp-content/themes/betheme_v26_распак/fonts/fontawesome/fa-solid-900.eot]
[car-wash.leftma7t.beget.tech/wp-content/themes/betheme_v26_распак/fonts/fontawesome/fa-brands-400.woff2]
[car-wash.leftma7t.beget.tech/wp-content/themes/betheme_v26_распак/fonts/fontawesome/fa-brands-400.woff]
[car-wash.leftma7t.beget.tech/wp-content/themes/betheme_v26_распак/fonts/fontawesome/fa-brands-400.ttf]
[car-wash.leftma7t.beget.tech/wp-content/themes/betheme_v26_распак/fonts/fontawesome/fa-solid-900.woff2]
[car-wash.leftma7t.beget.tech/wp-content/themes/betheme_v26_распак/fonts/fontawesome/fa-regular-400.eot]
[car-wash.leftma7t.beget.tech/wp-content/themes/betheme_v26_распак/fonts/fontawesome/fa-solid-900.woff]
[car-wash.leftma7t.beget.tech/wp-content/themes/betheme_v26_распак/fonts/fontawesome/fa-solid-900.ttf]
[car-wash.leftma7t.beget.tech/wp-content/themes/betheme_v26_распак/fonts/fontawesome/fa-solid-900.svg]
[car-wash.leftma7t.beget.tech/wp-content/themes/betheme_v26_распак/fonts/fontawesome/fontawesome4828.css]
[car-wash.leftma7t.beget.tech/wp-content/themes/betheme_v26_распак/fonts/fontawesome/fa-regular-400d41d.eot]
[car-wash.leftma7t.beget.tech/wp-content/themes/betheme_v26_распак/assets/jplayer/css/jplayer.png]
[car-wash.leftma7t.beget.tech/wp-content/themes/betheme_v26_распак/assets/jplayer/css/jplayer.blue.monday.jpg]
[car-wash.leftma7t.beget.tech/wp-content/themes/betheme_v26_распак/assets/jplayer/css/jplayer.blue.monday.seeking.gif]
[car-wash.leftma7t.beget.tech/wp-content/themes/betheme_v26_распак/fonts/fontawesome/fa-regular-400.woff2]
[car-wash.leftma7t.beget.tech/wp-content/themes/betheme_v26_распак/assets/jplayer/css/jplayer.blue.monday.min4828.css]
[car-wash.leftma7t.beget.tech/wp-content/themes/betheme_v26_распак/fonts/fontawesome/fa-regular-400.woff]
[car-wash.leftma7t.beget.tech/wp-content/themes/betheme_v26_распак/fonts/fontawesome/fa-regular-400.ttf]
[car-wash.leftma7t.beget.tech/wp-content/themes/betheme_v26_распак/css/responsive4828.css]
[car-wash.leftma7t.beget.tech/wp-content/themes/betheme_v26_распак/fonts/fontawesome/fa-solid-900.eot]
[car-wash.leftma7t.beget.tech/wp-content/themes/betheme_v26_распак/fonts/fontawesome/fa-solid-900d41d.eot]
[car-wash.leftma7t.beget.tech/wp-content/themes/betheme_v26_распак/images/shop-loader.gif]
[car-wash.leftma7t.beget.tech/wp-content/themes/betheme_v26_распак/css/woocommerce4828.css]
[car-wash.leftma7t.beget.tech/wp-content/themes/betheme_v26_распак/fonts/fontawesome/fa-solid-900.woff2]
[car-wash.leftma7t.beget.tech/wp-content/plugins/jetpack/modules/shortcodes/img/slideshow-controls.png]
[car-wash.leftma7t.beget.tech/wp-content/plugins/jetpack/modules/shortcodes/img/slideshow-controls-2x.png]
[car-wash.leftma7t.beget.tech/wp-content/themes/betheme_v26_распак/fonts/fontawesome/fa-solid-900.woff]
[car-wash.leftma7t.beget.tech/wp-content/plugins/jetpack/modules/shortcodes/images/slide-nav.png]
[car-wash.leftma7t.beget.tech/wp-content/themes/betheme_v26_распак/fonts/fontawesome/fa-solid-900.ttf]
[car-wash.leftma7t.beget.tech/wp-content/plugins/jetpack/modules/shortcodes/images/expand.png]
[car-wash.leftma7t.beget.tech/wp-content/themes/betheme_v26_распак/assets/jplayer/css/jplayer.png]
[car-wash.leftma7t.beget.tech/wp-content/plugins/jetpack/modules/shortcodes/images/collapse.png]
[car-wash.leftma7t.beget.tech/wp-content/themes/betheme_v26_распак/assets/jplayer/css/jplayer.blue.monday.jpg]
[secure.gravatar.com/images/grav-share-sprite.png]
[car-wash.leftma7t.beget.tech/wp-content/themes/betheme_v26_распак/assets/jplayer/css/jplayer.blue.monday.seeking.gif]
[car-wash.leftma7t.beget.tech/wp-content/plugins/jetpack/css/jetpackc74e.css]
[car-wash.leftma7t.beget.tech/wp-content/themes/betheme_v26_распак/images/shop-loader.gif]
[car-wash.leftma7t.beget.tech/wp-includes/js/jquery/jquery.minaf6c.js]
[car-wash.leftma7t.beget.tech/wp-content/plugins/jetpack/modules/shortcodes/img/slideshow-controls.png]
[car-wash.leftma7t.beget.tech/wp-includes/js/jquery/jquery-migrate.mind617.js]
[car-wash.leftma7t.beget.tech/wp-content/plugins/jetpack/modules/shortcodes/img/slideshow-controls-2x.png]
[car-wash.leftma7t.beget.tech/wp-content/plugins/woocommerce/assets/js/jquery-blockui/jquery.blockUI.minbd43.js]
[car-wash.leftma7t.beget.tech/wp-content/plugins/woocommerce/assets/js/frontend/add-to-cart.minbdeb.js]
[car-wash.leftma7t.beget.tech/wp-content/plugins/jetpack/modules/shortcodes/images/slide-nav.png]
[car-wash.leftma7t.beget.tech/wp-content/plugins/js_composer/assets/js/vendors/woocommerce-add-to-carte1b2.js]
[car-wash.leftma7t.beget.tech/wp-content/plugins/jetpack/modules/shortcodes/images/expand.png]
[car-wash.leftma7t.beget.tech/wp-content/plugins/jetpack/modules/shortcodes/images/collapse.png]
[car-wash.leftma7t.beget.tech/xmlrpc0db0.html]
[car-wash.leftma7t.beget.tech/wp-content/uploads/2022/05/carwash.svg]
[car-wash.leftma7t.beget.tech/wp-content/uploads/2022/05/carwash3-icon7.svg]
[car-wash.leftma7t.beget.tech/wp-content/uploads/2022/05/carwash3-icon6.svg]
[car-wash.leftma7t.beget.tech/wp-content/uploads/2022/05/carwash3-home-pic1.svg]
[car-wash.leftma7t.beget.tech/wp-content/uploads/2022/05/carwash3-icon1.svg]
[car-wash.leftma7t.beget.tech/wp-content/uploads/2022/05/carwash3-icon3.svg]
[car-wash.leftma7t.beget.tech/wp-content/uploads/2022/05/carwash3-icon2.svg]
[car-wash.leftma7t.beget.tech/wp-content/uploads/2022/05/carwash3-icon4.svg]
[car-wash.leftma7t.beget.tech/wp-content/uploads/2022/05/carwash3-home-pic3.svg]
[car-wash.leftma7t.beget.tech/wp-content/uploads/2022/05/carwash3-icon5.svg]
[themes.muffingroup.com/be/carwash3/wp-content/uploads/2022/05/carwash3-footer-logo.svg]
[car-wash.leftma7t.beget.tech/wp-content/themes/betheme_v26_распак/css/elements/divider-24828.css]
[car-wash.leftma7t.beget.tech/wp-content/uploads/2022/05/carwash3-wrap-bg1.webp]
[car-wash.leftma7t.beget.tech/wp-content/uploads/betheme/css/post-56ac3.css]
[car-wash.leftma7t.beget.tech/wp-content/plugins/revslider/public/assets/fonts/revicons/revicons90c6.eot]
[car-wash.leftma7t.beget.tech/wp-content/plugins/revslider/public/assets/fonts/revicons/revicons90c6.woff]
[car-wash.leftma7t.beget.tech/wp-content/plugins/revslider/public/assets/fonts/revicons/revicons90c6.svg]
[car-wash.leftma7t.beget.tech/wp-content/plugins/revslider/public/assets/assets/gridtile.png]
[car-wash.leftma7t.beget.tech/wp-content/plugins/revslider/public/assets/assets/gridtile_white.png]
[car-wash.leftma7t.beget.tech/wp-content/plugins/revslider/public/assets/assets/gridtile.png]
[car-wash.leftma7t.beget.tech/wp-content/plugins/revslider/public/assets/assets/gridtile_3x3.png]
[car-wash.leftma7t.beget.tech/wp-content/plugins/revslider/public/assets/assets/gridtile_3x3.png]
[car-wash.leftma7t.beget.tech/wp-content/plugins/revslider/public/assets/assets/gridtile_3x3_white.png]
[car-wash.leftma7t.beget.tech/wp-content/plugins/revslider/public/assets/assets/coloredbg.png]
[car-wash.leftma7t.beget.tech/wp-content/plugins/revslider/public/assets/assets/loader.gif]
[car-wash.leftma7t.beget.tech/wp-content/plugins/revslider/public/assets/css/rs6b02e.css]
[car-wash.leftma7t.beget.tech/wp-includes/js/dist/vendor/regenerator-runtime.min3937.js]
[car-wash.leftma7t.beget.tech/wp-includes/js/dist/vendor/wp-polyfill.min2c7c.js]
[car-wash.leftma7t.beget.tech/wp-content/plugins/contact-form-7/includes/js/index5697.js]
[car-wash.leftma7t.beget.tech/wp-content/plugins/revslider/public/assets/js/rbtools.min8331.js]
[car-wash.leftma7t.beget.tech/wp-content/plugins/revslider/public/assets/assets/coloredbg.png]
[car-wash.leftma7t.beget.tech/wp-content/plugins/revslider/public/assets/js/rs6.minb02e.js]
[car-wash.leftma7t.beget.tech/wp-content/plugins/woocommerce/assets/js/js-cookie/js.cookie.min38b6.js]
[car-wash.leftma7t.beget.tech/wp-content/plugins/woocommerce/assets/js/frontend/woocommerce.minbdeb.js]
[car-wash.leftma7t.beget.tech/wp-content/plugins/woocommerce/assets/js/frontend/cart-fragments.minbdeb.js]
[car-wash.leftma7t.beget.tech/wp-includes/js/jquery/ui/core.min0028.js]
[car-wash.leftma7t.beget.tech/wp-includes/js/jquery/ui/tabs.min0028.js]
[car-wash.leftma7t.beget.tech/wp-content/themes/betheme_v26_распак/js/plugins4828.js]
[car-wash.leftma7t.beget.tech/wp-content/themes/betheme_v26_распак/js/menu4828.js]
[car-wash.leftma7t.beget.tech/wp-content/themes/betheme_v26_распак/assets/animations/animations.min4828.js]
[car-wash.leftma7t.beget.tech/wp-content/themes/betheme_v26_распак/assets/jplayer/jplayer.min4828.js]
[car-wash.leftma7t.beget.tech/wp-content/themes/betheme_v26_распак/js/parallax/translate3d4828.js]
[car-wash.leftma7t.beget.tech/wp-content/themes/betheme_v26_распак/js/scripts4828.js]
[player.vimeo.com/api/player.js]
[car-wash.leftma7t.beget.tech/e]
[car-wash.leftma7t.beget.tech/a.params.url]
[car-wash.leftma7t.beget.tech/wp-content/themes/betheme_v26_распак/js/woocommerce6ac3.js]
[car-wash.leftma7t.beget.tech/indexb5fb.html]
[car-wash.leftma7t.beget.tech/wp-content/uploads/2022/05/carwash3-arrow1.svg]
[car-wash.leftma7t.beget.tech/wp-content/uploads/2022/05/carwash3-home-icon1.svg]
[car-wash.leftma7t.beget.tech/wp-content/uploads/2022/05/carwash3-about-icon2.svg]
[car-wash.leftma7t.beget.tech/wp-content/uploads/2022/05/carwash3-section-bg3.svg]
[car-wash.leftma7t.beget.tech/page/index.html]
[car-wash.leftma7t.beget.tech/wp-content/uploads/betheme/css/post-9ce44.css]
[car-wash.leftma7t.beget.tech/about-us/e]
[car-wash.leftma7t.beget.tech/about-us/a.params.url]
[car-wash.leftma7t.beget.tech/wp-content/themes/betheme_v26_распак/js/woocommercece44.js]
[car-wash.leftma7t.beget.tech/wp-content/uploads/betheme/css/post-11ce44.css]
[car-wash.leftma7t.beget.tech/index2dc4.html]
[car-wash.leftma7t.beget.tech/wp-content/uploads/2022/05/carwash3-num1.svg]
[car-wash.leftma7t.beget.tech/wp-content/uploads/2022/05/carwash3-num2.svg]
[car-wash.leftma7t.beget.tech/wp-content/uploads/2022/05/carwash3-num3.svg]
[car-wash.leftma7t.beget.tech/wp-content/uploads/betheme/css/post-13ce44.css]
[car-wash.leftma7t.beget.tech/indexa1ca.html]
[car-wash.leftma7t.beget.tech/wp-content/uploads/betheme/css/post-15b6ff.css]
[car-wash.leftma7t.beget.tech/contact/e.d3.delayed]
[car-wash.leftma7t.beget.tech/contact/a.params.url]
[car-wash.leftma7t.beget.tech/wp-content/themes/betheme_v26_распак/js/woocommerceb6ff.js]
[car-wash.leftma7t.beget.tech/wp-includes/fonts/dashicons7d4b.eot]
[car-wash.leftma7t.beget.tech/wp-includes/css/dashicons.min37ad.css]
[car-wash.leftma7t.beget.tech/wp-includes/css/buttons.min37ad.css]
[car-wash.leftma7t.beget.tech/wp-includes/js/zxcvbn-async.min5152.js]
[car-wash.leftma7t.beget.tech/wp-includes/js/dist/hooks.mincbb5.js]
[car-wash.leftma7t.beget.tech/wp-includes/js/dist/i18n.min771a.js]
[car-wash.leftma7t.beget.tech/wp-includes/js/underscore.minb37e.js]
[car-wash.leftma7t.beget.tech/wp-includes/js/wp-util.min37ad.js]
[car-wash.leftma7t.beget.tech/wp-includes/fonts/dashicons7d4b.ttf]
[car-wash.leftma7t.beget.tech/wp-content/plugins/woocommerce/assets/fonts/star.woff]
[car-wash.leftma7t.beget.tech/wp-content/plugins/woocommerce/assets/fonts/star.svg]
[car-wash.leftma7t.beget.tech/wp-includes/js/mediaelement/mejs-controls.svg]
[car-wash.leftma7t.beget.tech/wp-content/plugins/woocommerce/assets/fonts/WooCommerce.svg]
[car-wash.leftma7t.beget.tech/wp-content/plugins/woocommerce/assets/images/icons/loader.svg]
[car-wash.leftma7t.beget.tech/wp-content/plugins/woocommerce/assets/images/icons/credit-cards/visa.svg]
[car-wash.leftma7t.beget.tech/wp-content/plugins/woocommerce/assets/images/icons/credit-cards/mastercard.svg]
[car-wash.leftma7t.beget.tech/wp-content/plugins/woocommerce/assets/images/icons/credit-cards/laser.svg]
[car-wash.leftma7t.beget.tech/wp-content/plugins/woocommerce/assets/images/icons/credit-cards/diners.svg]
[car-wash.leftma7t.beget.tech/wp-content/plugins/woocommerce/assets/images/icons/credit-cards/maestro.svg]
[car-wash.leftma7t.beget.tech/wp-content/plugins/woocommerce/assets/images/icons/credit-cards/jcb.svg]
[car-wash.leftma7t.beget.tech/wp-content/plugins/woocommerce/assets/images/icons/credit-cards/amex.svg]
[car-wash.leftma7t.beget.tech/wp-content/plugins/woocommerce/assets/images/icons/credit-cards/discover.svg]
[car-wash.leftma7t.beget.tech/wp-content/themes/betheme_v26_распак/fonts/mfn/icons4cdc.svg]
[car-wash.leftma7t.beget.tech/wp-content/themes/betheme_v26_распак/muffin-options/svg/be-mono.svg]
[car-wash.leftma7t.beget.tech/wp-content/themes/betheme_v26_распак/images/mask_shapes/circle.svg]
[car-wash.leftma7t.beget.tech/wp-content/themes/betheme_v26_распак/images/mask_shapes/blob.svg]
[car-wash.leftma7t.beget.tech/wp-content/themes/betheme_v26_распак/images/mask_shapes/blob-2.svg]
[car-wash.leftma7t.beget.tech/wp-content/themes/betheme_v26_распак/images/mask_shapes/brush.svg]
[car-wash.leftma7t.beget.tech/wp-content/themes/betheme_v26_распак/images/mask_shapes/brush-2.svg]
[car-wash.leftma7t.beget.tech/wp-content/themes/betheme_v26_распак/images/mask_shapes/cross.svg]
[car-wash.leftma7t.beget.tech/wp-content/themes/betheme_v26_распак/images/mask_shapes/stain.svg]
[car-wash.leftma7t.beget.tech/wp-content/themes/betheme_v26_распак/images/mask_shapes/triangle.svg]
[car-wash.leftma7t.beget.tech/wp-content/themes/betheme_v26_распак/images/mask_shapes/irregular-circle.svg]
[car-wash.leftma7t.beget.tech/wp-content/themes/betheme_v26_распак/fonts/fontawesome/fa-brands-400.svg]
[car-wash.leftma7t.beget.tech/wp-content/themes/betheme_v26_распак/fonts/fontawesome/fa-regular-400.svg]
[car-wash.leftma7t.beget.tech/wp-content/themes/betheme_v26_распак/fonts/fontawesome/fa-solid-900.svg]
[car-wash.leftma7t.beget.tech/wp-content/plugins/woocommerce/assets/fonts/WooCommerce.eot]
[car-wash.leftma7t.beget.tech/wp-content/plugins/revslider/public/assets/fonts/revicons/revicons90c6.svg]
[car-wash.leftma7t.beget.tech/wp-content/plugins/revslider/public/assets/css/openhand.html]
[car-wash.leftma7t.beget.tech/wp-content/plugins/revslider/public/assets/css/closedhand.html]
[car-wash.leftma7t.beget.tech/dummy.html]
[car-wash.leftma7t.beget.tech/origin=https_/index.html]
[car-wash.leftma7t.beget.tech/e.html]
[car-wash.leftma7t.beget.tech/a.params.html]
[car-wash.leftma7t.beget.tech/page/index.html]
[car-wash.leftma7t.beget.tech/wp-content/uploads/2022/05/carwash3-section-bg3.svg]
[car-wash.leftma7t.beget.tech/about-us/e.html]
[car-wash.leftma7t.beget.tech/about-us/a.params.html]
[car-wash.leftma7t.beget.tech/contact/e.html]
[car-wash.leftma7t.beget.tech/contact/a.params.html]
[car-wash.leftma7t.beget.tech/wp-content/plugins/revslider/public/assets/fonts/revicons/revicons90c6.ttf]
[car-wash.leftma7t.beget.tech/wp-includes/js/mediaelement/mejs-controls.svg]
[car-wash.leftma7t.beget.tech/wp-json/index.html]
